🔎 checking possible migrations..
No builder or framework field, detected Storybook builder via: C:\dev\vite.config.js

🔎 found a 'new-frameworks' migration:
╭ Automigration detected ───────────────────────────────────────────────────────────────────────────────────────────────╮
│                                                                                                                       │
│   We've detected your project is not fully setup with the new framework format, which was introduced in Storybook     │
│   7.                                                                                                                  │
│                                                                                                                       │
│   Storybook 7 introduced the concept of frameworks, which abstracts configuration for renderers (e.g. React, Vue),    │
│   builders (e.g. Webpack, Vite) and defaults to make integrations easier.                                             │
│                                                                                                                       │
│   Your project should be updated to use Storybook's framework: @storybook/react-vite. We can attempt to do this for   │
│   you automatically.                                                                                                  │
│                                                                                                                       │
│   Here are the steps this migration will do to migrate your project:                                                  │
│   - Update or specify the framework field in .storybook\main.ts with the value of "@storybook/react-vite".            │
│                                                                                                                       │
│                                                                                                                       │
│   To learn more about the new framework format, see:                                                                  │
│   https://github.com/storybookjs/storybook/blob/next/MIGRATION.md#new-framework-api                                   │
│                                                                                                                       │
╰───────────────────────────────────────────────────────────────────────────────────────────────────────────────────────╯
? Do you want to run the 'new-frameworks' migration on your project? » (Y/n)√ Do you want to run the 'new-frameworks' migration on your project? ... yes
✅ Updating main.js
✅ Updating "framework" field
✅ ran new-frameworks migration
Unable to find .eslintrc config file, skipping

🔎 found a 'sb-scripts' migration:
╭ Automigration detected ───────────────────────────────────────────────────────────────────────────────────────────────╮
│                                                                                                                       │
│   We've detected you are using Storybook 8.6.12 with scripts from previous versions of Storybook.                     │
│   Starting in Storybook 7, the start-storybook and build-storybook binaries have changed to storybook dev and         │
│   storybook build respectively.                                                                                       │
│   In order to work with Storybook 8.6.12, your storybook scripts have to be adjusted to use the binary. We can        │
│   adjust them for you:                                                                                                │
│                                                                                                                       │
│   storybook                                                                                                           │
│   from:                                                                                                               │
│   sb dev -p 9001 -c .storybook                                                                                        │
│   to:                                                                                                                 │
│   storybook dev -p 9001 -c .storybook                                                                                 │
│                                                                                                                       │
│   build:storybook                                                                                                     │
│   from:                                                                                                               │
│   sb build -c .storybook -o docs                                                                                      │
│   to:                                                                                                                 │
│   storybook build -c .storybook -o docs                                                                               │
│                                                                                                                       │
│   In case this migration did not cover all of your scripts, or you'd like more info:                                  │
│   https://github.com/storybookjs/storybook/blob/next/MIGRATION.md#start-storybook--build-storybook-binaries-removed   │
│                                                                                                                       │
╰───────────────────────────────────────────────────────────────────────────────────────────────────────────────────────╯
? Do you want to run the 'sb-scripts' migration on your project? » (Y/n)√ Do you want to run the 'sb-scripts' migration on your project? ... yes
✅ Updating scripts in package.json


✅ ran sb-scripts migration

⚠️  failed to check fix mdx-to-csf

Error: ❌ Unable to determine Storybook stories globs in {
  "core": {
    "framework": "@storybook/react-vite",
    "stories": [
      "../stories/*.tsx"
    ],
    "addons": [
      "@storybook/addon-essentials"
    ],
    "autodocs": true,
    "staticDirs": [
      "../docs"
    ]
  }
}, skipping mdx-to-csf fix.

In Storybook 7, we have deprecated defining stories in MDX files, and consequently have changed the suffix to simply .mdx.

Now, since Storybook 8.0, we have removed support for .stories.mdx files.

We were unable to automatically migrate your 'stories' config to include any .mdx file instead of just .stories.mdx.
We suggest you make this change manually.
To learn more about this change, see: https://github.com/storybookjs/storybook/blob/next/MIGRATION.md#mdx-docs-files
    at Object.check (C:\dev\muibox\node_modules\@storybook\cli\dist\bin\index.cjs:303:1403)
    at runFixes (C:\dev\muibox\node_modules\@storybook\cli\dist\bin\index.cjs:595:3115)
    at async automigrate (C:\dev\muibox\node_modules\@storybook\cli\dist\bin\index.cjs:595:1807)
    at async doAutomigrate (C:\dev\muibox\node_modules\@storybook\cli\dist\bin\index.cjs:595:453)
    at async Command.<anonymous> (C:\dev\muibox\node_modules\@storybook\cli\dist\bin\index.cjs:665:2892)

🔎 found a 'autodocsTrue' migration:
╭ Automigration detected ────────────────────────────────────────────────────────────────────────────╮
│                                                                                                    │
│   We've changed the configuration of autodocs (previous docsPage), so now the value:               │
│     - docs.autodocs: true -- means automatically create docs for every CSF file                    │
│     - docs.autodocs: 'tag' -- means only create autodocs for CSF files with the 'autodocs' tag     │
│     - docs.autodocs: false -- means never create autodocs                                          │
│                                                                                                    │
│   Based on your prior configuration,  we can set the `docs.autodocs` to keep your old behaviour:   │
│                                                                                                    │
│   docs: { autodocs: true }                                                                         │
│                                                                                                    │
│   More info: https://github.com/storybookjs/storybook/blob/next/MIGRATION.md#autodocs-changes      │
│                                                                                                    │
╰────────────────────────────────────────────────────────────────────────────────────────────────────╯
? Do you want to run the 'autodocsTrue' migration on your project? » (Y/n)√ Do you want to run the 'autodocsTrue' migration on your project? ... yes
✅ Setting 'docs.autodocs' to true in main.js
✅ ran autodocsTrue migration

🔎 found a 'remove-react-dependency' migration:
╭ Manual migration detected ────────────────────────────────────────────────────────────────────────────────────────────╮
│                                                                                                                       │
│   We detected that your project has a dependency for "react" that it might not need.                                  │
│   Nothing breaks by having it, you can safely ignore this message, if you wish.                                       │
│                                                                                                                       │
│   Storybook asked you to add "react" as a direct dependency in the past when upgrading from Storybook 6 to 7.         │
│   However, since version 8.0, Storybook no longer requires you to provide "react" as a dependency.                    │
│   Some community addons might still wrongfully list "react" and "react-dom" as required peer dependencies, but        │
│   since Storybook 7.6 it should not be needed in the majority of cases.                                               │
│                                                                                                                       │
│   If you know you are not using React outside of Storybook, it should be safe to remove the "react" and "react-dom"   │
│   dependencies from your project's package.json.                                                                      │
│   Storybook cannot do this automatically as removing it might break your project, so it should be done manually       │
│   with care.                                                                                                          │
│                                                                                                                       │
╰───────────────────────────────────────────────────────────────────────────────────────────────────────────────────────╯

? Select continue once you have made the required changes, or quit to exit the migration process » quit / continue√ Select continue once you have made the required changes, or quit to exit the migration process ... quit / continue

🔎 found a 'visual-tests-addon' migration:
╭ Automigration detected ───────────────────────────────────────────────────────────────────────────────────────────────╮
│                                                                                                                       │
│   New to Storybook 8: Storybook's Visual Tests addon helps you catch unintentional changes/bugs in your stories.      │
│   The addon is powered by Chromatic, a cloud-based testing tool developed by Storybook's core team.                   │
│                                                                                                                       │
│   Learn more: https://storybook.js.org/docs/writing-tests/visual-testing                                              │
│                                                                                                                       │
│   Install Visual Tests addon in your project?                                                                         │
│                                                                                                                       │
╰───────────────────────────────────────────────────────────────────────────────────────────────────────────────────────╯
? Do you want to run the 'visual-tests-addon' migration on your project? » (Y/n)√ Do you want to run the 'visual-tests-addon' migration on your project? ... yes
✅ Adding "@chromatic-com/storybook" addon
✅ ran visual-tests-addon migration

╭ Migration check ran with failures ────────────────────────────────────────────────────────────────────────────────────╮
│                                                                                                                       │
│   Successful migrations:                                                                                              │
│                                                                                                                       │
│   new-frameworks, sb-scripts, autodocsTrue, visual-tests-addon                                                        │
│                                                                                                                       │
│   Failed migrations:                                                                                                  │
│                                                                                                                       │
│   mdx-to-csf:                                                                                                         │
│   ❌ Unable to determine Storybook stories globs in {                                                                 │
│   "core": {                                                                                                           │
│   "framework": "@storybook/react-vite",                                                                               │
│   "stories": [                                                                                                        │
│   "../stories/*.tsx"                                                                                                  │
│   ],                                                                                                                  │
│   "addons": [                                                                                                         │
│   "@storybook/addon-essentials"                                                                                       │
│   ],                                                                                                                  │
│   "autodocs": true,                                                                                                   │
│   "staticDirs": [                                                                                                     │
│   "../docs"                                                                                                           │
│   ]                                                                                                                   │
│   }                                                                                                                   │
│   }, skipping mdx-to-csf fix.                                                                                         │
│                                                                                                                       │
│   In Storybook 7, we have deprecated defining stories in MDX files, and consequently have changed the suffix to       │
│   simply .mdx.                                                                                                        │
│                                                                                                                       │
│   Now, since Storybook 8.0, we have removed support for .stories.mdx files.                                           │
│                                                                                                                       │
│   We were unable to automatically migrate your 'stories' config to include any .mdx file instead of just              │
│   .stories.mdx.                                                                                                       │
│   We suggest you make this change manually.                                                                           │
│   To learn more about this change, see:                                                                               │
│   https://github.com/storybookjs/storybook/blob/next/MIGRATION.md#mdx-docs-files                                      │
│                                                                                                                       │
│   You can find the full logs in C:\dev\muibox\migration-storybook.log                                                 │
│                                                                                                                       │
│   Manual migrations:                                                                                                  │
│                                                                                                                       │
│   remove-react-dependency                                                                                             │
│                                                                                                                       │
│   ─────────────────────────────────────────────────                                                                   │
│                                                                                                                       │
│   If you'd like to run the migrations again, you can do so by running 'npx storybook automigrate'                     │
│                                                                                                                       │
│   The automigrations try to migrate common patterns in your project, but might not contain everything needed to       │
│   migrate to the latest version of Storybook.                                                                         │
│                                                                                                                       │
│   Please check the changelog and migration guide for manual migrations and more information:                          │
│   https://storybook.js.org/docs/migration-guide                                                                       │
│   And reach out on Discord if you need help: https://discord.gg/storybook                                             │
│                                                                                                                       │
╰───────────────────────────────────────────────────────────────────────────────────────────────────────────────────────╯

